{"schema":"specd.agent/v1","ok":false,"operation":"check","root":{"path":"/project"},"subject":{"change":"safe-create"},"state":{"revision":4},"data":{"finding_count":1,"policy_digest":"6f4b6612125fb3a0daecd2799dfd6c9c299424fd920f9b308110a2c1fbd8f443","registry_version":"1"},"diagnostics":[{"code":"tasks_declare_files","severity":"error","message":"task S1-01 declares no files","path":"tasks.md","line":12,"fix":"declare the files the task may write"}],"next":{"kind":"blocked","owner":"author","instruction":"repair the reported findings and run specd check safe-create"},"exit":{"code":1,"class":"failure"}}
