{"schema":"specd.agent/v1","ok":true,"operation":"complete","root":{"path":"/project"},"subject":{"change":"safe-create","task":"S1-01"},"state":{"revision":7},"data":{"attempt":"A1","evidence":"ev-000008","history_id":"h-000009","revision_before":6},"next":{"kind":"operation","operation":"next","arguments":{"change":"safe-create"},"instruction":"run specd next safe-create"},"exit":{"code":0,"class":"success"}}
