{"schema":"specd.agent/v1","ok":true,"operation":"context","root":{"path":"/project"},"subject":{"change":"safe-create","task":"S1-01"},"state":{"revision":4},"data":{"allowed_write_paths":["internal/core/scope.go"],"approval_hash":"6f4b6612125fb3a0daecd2799dfd6c9c299424fd920f9b308110a2c1fbd8f443","assurance":"advisory","frontier_hash":"6f4b6612125fb3a0daecd2799dfd6c9c299424fd920f9b308110a2c1fbd8f443","item_count":1,"manifest_hash":"6f4b6612125fb3a0daecd2799dfd6c9c299424fd920f9b308110a2c1fbd8f443","omission_count":0,"operation_class":"implement","optional_bytes":0,"required_bytes":512,"role":"implementer"},"next":{"kind":"operation","operation":"start","arguments":{"change":"safe-create","task":"S1-01"},"instruction":"run specd start safe-create S1-01 --revision 4"},"exit":{"code":0,"class":"success"}}
