{"schema":"specd.agent/v1","ok":false,"operation":"complete","root":{"path":"/project"},"subject":{"change":"safe-create","task":"S1-01"},"diagnostics":[{"code":"evidence_stale","severity":"error","message":"no applicable passing evidence at current HEAD","fix":"run specd verify safe-create S1-01 <attempt>"}],"next":{"kind":"blocked","owner":"author","instruction":"run specd verify safe-create S1-01 <attempt>"},"exit":{"code":1,"class":"failure"}}
