{"schema":"specd.agent/v1","ok":false,"operation":"approve","root":{"path":"/project"},"subject":{"change":"safe-create"},"diagnostics":[{"code":"human_approval_required","severity":"error","message":"approve is human-only and cannot use an agent-capable route","fix":"hand off approval to a human terminal"}],"next":{"kind":"human_handoff","owner":"human","reason":"approval is human-only","instruction":"hand off approval to a human terminal"},"exit":{"code":2,"class":"refusal"}}
