{"schema":"specd.agent/v1","ok":true,"operation":"reopen","root":{"path":"/project"},"subject":{"change":"safe-create"},"state":{"revision":5},"data":{"actor":"agent:builder","approval_id":"approval:bound:1","attempt":"6f4b6612125fb3a0daecd2799dfd6c9c299424fd920f9b308110a2c1fbd8f443","history_id":"6f4b6612125fb3a0daecd2799dfd6c9c299424fd920f9b308110a2c1fbd8f443","lifecycle_from":"approved","lifecycle_to":"planning","observed_head":"0f1e2d3c4b5a69788796a5b4c3d2e1f001234567","revision_before":4},"next":{"kind":"operation","operation":"check","arguments":{"change":"safe-create"},"instruction":"repair the planning artifacts and run specd check safe-create"},"exit":{"code":0,"class":"success"}}
