{"schema":"specd.agent/v1","ok":true,"operation":"status","root":{"path":"/project"},"subject":{"change":"safe-create"},"state":{"revision":4},"data":{"all_tasks_complete":false,"approval_current":true,"blocked":0,"completed":0,"condition":"active","failed":0,"frontier":["S1-01","S1-02"],"in_progress":0,"pending":2,"stage":"approved"},"next":{"kind":"operation","operation":"next","arguments":{"change":"safe-create"},"instruction":"run specd next safe-create"},"exit":{"code":0,"class":"success"}}
