{"schema":"specd.agent/v1","ok":true,"operation":"verify","root":{"path":"/project"},"subject":{"change":"safe-create","task":"S1-01"},"state":{"revision":6},"data":{"attempt":"A1","exit_code":0,"head":"0f1e2d3c4b5a69788796a5b4c3d2e1f001234567","interrupted":false,"non_vacuous":true,"passed":true,"record_id":"ev-000008","stderr_digest":"6f4b6612125fb3a0daecd2799dfd6c9c299424fd920f9b308110a2c1fbd8f443","stderr_evidence":"ev-000008","stderr_truncated":false,"stdout_digest":"6f4b6612125fb3a0daecd2799dfd6c9c299424fd920f9b308110a2c1fbd8f443","stdout_evidence":"ev-000008","stdout_truncated":false,"timed_out":false,"zero_match":false},"next":{"kind":"operation","operation":"complete","arguments":{"change":"safe-create","task":"S1-01"},"instruction":"run specd complete safe-create S1-01 --revision 6"},"exit":{"code":0,"class":"success"}}
