{"schema":"specd.agent/v1","ok":false,"operation":"verify","root":{"path":"/project"},"subject":{"change":"safe-create","task":"S1-01"},"state":{"revision":6},"data":{"attempt":"A1","exit_code":1,"head":"0f1e2d3c4b5a69788796a5b4c3d2e1f001234567","interrupted":false,"non_vacuous":false,"passed":false,"record_id":"ev-000007","stderr_digest":"6f4b6612125fb3a0daecd2799dfd6c9c299424fd920f9b308110a2c1fbd8f443","stderr_evidence":"ev-000007","stderr_truncated":false,"stdout_digest":"6f4b6612125fb3a0daecd2799dfd6c9c299424fd920f9b308110a2c1fbd8f443","stdout_evidence":"ev-000007","stdout_truncated":true,"timed_out":false,"zero_match":false},"diagnostics":[{"code":"verification_failed","severity":"error","message":"verification exited 1 for task S1-01","fix":"repair the declared files and run specd verify safe-create S1-01 A1"}],"next":{"kind":"blocked","owner":"author","instruction":"repair the declared files and run specd verify safe-create S1-01 A1"},"exit":{"code":1,"class":"failure"}}
